paperclip, version 0.7.91
{"gene": "Edn1", "status": "ok", "search_id": "s_ce9c4eec", "judge_id": "m_056f65e0", "parent_n": 25, "yes": 4, "no": 21, "downgraded": 0, "paper_errors": 0, "corpus_count": null, "seconds_total": 32.4, "stage": null, "detail": null}
{"gene": "Nos2", "status": "ok", "search_id": "s_d6be8ace", "judge_id": "m_49024f20", "parent_n": 25, "yes": 20, "no": 4, "downgraded": 2, "paper_errors": 1, "corpus_count": null, "seconds_total": 84.3, "stage": null, "detail": null}
{"gene": "Shisa3", "status": "ok", "search_id": "s_88320d4a", "judge_id": "m_69b22ed5", "parent_n": 25, "yes": 2, "no": 23, "downgraded": 0, "paper_errors": 0, "corpus_count": null, "seconds_total": 25.2, "stage": null, "detail": null}
{"gene": "Il6", "status": "ok", "search_id": "s_6a1d2e02", "judge_id": "m_7ff10235", "parent_n": 25, "yes": 19, "no": 5, "downgraded": 1, "paper_errors": 1, "corpus_count": null, "seconds_total": 111.1, "stage": null, "detail": null}
{"gene": "Tnfsf15", "status": "ok", "search_id": "s_df3e5637", "judge_id": "m_6818648f", "parent_n": 25, "yes": 1, "no": 23, "downgraded": 0, "paper_errors": 1, "corpus_count": null, "seconds_total": 77.0, "stage": null, "detail": null}
{"gene": "Il1b", "status": "ok", "search_id": "s_4c510687", "judge_id": "m_2cda082a", "parent_n": 25, "yes": 3, "no": 22, "downgraded": 21, "paper_errors": 0, "corpus_count": null, "seconds_total": 35.5, "stage": null, "detail": null}
{"gene": "Il1a", "status": "ok", "search_id": "s_e202e116", "judge_id": "m_07e46794", "parent_n": 25, "yes": 6, "no": 19, "downgraded": 8, "paper_errors": 0, "corpus_count": null, "seconds_total": 25.6, "stage": null, "detail": null}
{"gene": "Lipg", "status": "ok", "search_id": "s_efa4f396", "judge_id": "m_c112d7e1", "parent_n": 25, "yes": 0, "no": 25, "downgraded": 0, "paper_errors": 0, "corpus_count": null, "seconds_total": 45.6, "stage": null, "detail": null}
{"gene": "Saa3", "status": "ok", "search_id": "s_2b1ee5d5", "judge_id": "m_575c9d03", "parent_n": 25, "yes": 11, "no": 14, "downgraded": 6, "paper_errors": 0, "corpus_count": null, "seconds_total": 25.2, "stage": null, "detail": null}
{"gene": "Cxcl10", "status": "ok", "search_id": "s_c4f8d4e8", "judge_id": "m_5ad45ee7", "parent_n": 25, "yes": 10, "no": 15, "downgraded": 3, "paper_errors": 0, "corpus_count": null, "seconds_total": 31.8, "stage": null, "detail": null}
{"gene": "Acod1", "status": "ok", "search_id": "s_ad1d55b9", "judge_id": "m_b79b1d17", "parent_n": 25, "yes": 19, "no": 6, "downgraded": 0, "paper_errors": 0, "corpus_count": null, "seconds_total": 29.5, "stage": null, "detail": null}
{"gene": "Gbp5", "status": "ok", "search_id": "s_d5f2de0d", "judge_id": "m_50a0ae83", "parent_n": 25, "yes": 9, "no": 16, "downgraded": 0, "paper_errors": 0, "corpus_count": null, "seconds_total": 40.0, "stage": null, "detail": null}
{"gene": "Il12b", "status": "ok", "search_id": "s_3142adf7", "judge_id": "m_5fdcd2b8", "parent_n": 25, "yes": 12, "no": 13, "downgraded": 6, "paper_errors": 0, "corpus_count": null, "seconds_total": 23.3, "stage": null, "detail": null}
{"gene": "Serpinb2", "status": "ok", "search_id": "s_bfd7ede5", "judge_id": "m_2f043262", "parent_n": 25, "yes": 4, "no": 21, "downgraded": 0, "paper_errors": 0, "corpus_count": null, "seconds_total": 43.8, "stage": null, "detail": null}
{"gene": "Itgb8", "status": "ok", "search_id": "s_21093ae7", "judge_id": "m_11729ea9", "parent_n": 25, "yes": 0, "no": 25, "downgraded": 1, "paper_errors": 0, "corpus_count": null, "seconds_total": 43.2, "stage": null, "detail": null}
{"gene": "Cd69", "status": "ok", "search_id": "s_2c0f04b2", "judge_id": "m_636c33a4", "parent_n": 25, "yes": 4, "no": 21, "downgraded": 1, "paper_errors": 0, "corpus_count": null, "seconds_total": 31.4, "stage": null, "detail": null}
{"gene": "Ptgs2", "status": "ok", "search_id": "s_b4b9be4b", "judge_id": "m_fb0dc56c", "parent_n": 25, "yes": 18, "no": 7, "downgraded": 2, "paper_errors": 0, "corpus_count": null, "seconds_total": 25.4, "stage": null, "detail": null}
{"gene": "Steap4", "status": "ok", "search_id": "s_febe8111", "judge_id": "m_ee523fb7", "parent_n": 25, "yes": 1, "no": 24, "downgraded": 0, "paper_errors": 0, "corpus_count": null, "seconds_total": 31.2, "stage": null, "detail": null}
{"gene": "Serpina3g", "status": "ok", "search_id": "s_3cacaac7", "judge_id": "m_6a535a0b", "parent_n": 25, "yes": 3, "no": 22, "downgraded": 1, "paper_errors": 0, "corpus_count": null, "seconds_total": 29.4, "stage": null, "detail": null}
{"gene": "Socs3", "status": "ok", "search_id": "s_44f2cd59", "judge_id": "m_1cb1f497", "parent_n": 25, "yes": 13, "no": 11, "downgraded": 2, "paper_errors": 1, "corpus_count": null, "seconds_total": 43.4, "stage": null, "detail": null}
{"gene": "Adamts4", "status": "ok", "search_id": "s_ee990bcb", "judge_id": "m_02baef6f", "parent_n": 25, "yes": 3, "no": 22, "downgraded": 0, "paper_errors": 0, "corpus_count": null, "seconds_total": 37.0, "stage": null, "detail": null}
{"gene": "Ifi205", "status": "ok", "search_id": "s_d6771f90", "judge_id": "m_1985f0cb", "parent_n": 25, "yes": 1, "no": 24, "downgraded": 0, "paper_errors": 0, "corpus_count": null, "seconds_total": 27.8, "stage": null, "detail": null}
{"gene": "Ccl12", "status": "ok", "search_id": "s_7e8c0d49", "judge_id": "m_50ca3053", "parent_n": 25, "yes": 1, "no": 24, "downgraded": 4, "paper_errors": 0, "corpus_count": null, "seconds_total": 25.3, "stage": null, "detail": null}
{"gene": "Ptx3", "status": "ok", "search_id": "s_b77a67c4", "judge_id": "m_80c50cda", "parent_n": 25, "yes": 9, "no": 15, "downgraded": 2, "paper_errors": 1, "corpus_count": null, "seconds_total": 193.1, "stage": null, "detail": null}
{"gene": "Ccl5", "status": "ok", "search_id": "s_b300fa89", "judge_id": "m_b2dd7677", "parent_n": 25, "yes": 6, "no": 19, "downgraded": 2, "paper_errors": 0, "corpus_count": null, "seconds_total": 27.5, "stage": null, "detail": null}
{"gene": "Col27a1", "status": "ok", "search_id": "s_d39a10b2", "judge_id": "m_d6a8e976", "parent_n": 25, "yes": 0, "no": 25, "downgraded": 0, "paper_errors": 0, "corpus_count": null, "seconds_total": 34.3, "stage": null, "detail": null}
{"gene": "Slamf1", "status": "ok", "search_id": "s_d7462ee0", "judge_id": "m_6ad193d8", "parent_n": 25, "yes": 4, "no": 21, "downgraded": 2, "paper_errors": 0, "corpus_count": null, "seconds_total": 22.5, "stage": null, "detail": null}
{"gene": "Ptges", "status": "ok", "search_id": "s_8b4fe51f", "judge_id": "m_bad1a8d7", "parent_n": 25, "yes": 6, "no": 18, "downgraded": 1, "paper_errors": 1, "corpus_count": null, "seconds_total": 189.4, "stage": null, "detail": null}
{"gene": "Il27", "status": "ok", "search_id": "s_c00f0200", "judge_id": "m_4ca6757f", "parent_n": 25, "yes": 15, "no": 10, "downgraded": 1, "paper_errors": 0, "corpus_count": null, "seconds_total": 28.0, "stage": null, "detail": null}
{"gene": "Rsad2", "status": "ok", "search_id": "s_789a80a0", "judge_id": "m_a2490013", "parent_n": 25, "yes": 2, "no": 23, "downgraded": 0, "paper_errors": 0, "corpus_count": null, "seconds_total": 27.9, "stage": null, "detail": null}
{"gene": "Serpina3f", "status": "ok", "search_id": "s_20b0dead", "judge_id": "m_c386aa79", "parent_n": 25, "yes": 1, "no": 24, "downgraded": 0, "paper_errors": 0, "corpus_count": null, "seconds_total": 47.5, "stage": null, "detail": null}
{"gene": "Cxcl9", "status": "ok", "search_id": "s_94ed41dd", "judge_id": "m_a337f51e", "parent_n": 25, "yes": 10, "no": 15, "downgraded": 2, "paper_errors": 0, "corpus_count": null, "seconds_total": 41.9, "stage": null, "detail": null}
{"gene": "Hdc", "status": "ok", "search_id": "s_805a9c7a", "judge_id": "m_576c0921", "parent_n": 25, "yes": 2, "no": 23, "downgraded": 7, "paper_errors": 0, "corpus_count": null, "seconds_total": 25.2, "stage": null, "detail": null}
{"gene": "Trim30c", "status": "ok", "search_id": "s_38f448a0", "judge_id": "m_8d240903", "parent_n": 25, "yes": 0, "no": 25, "downgraded": 2, "paper_errors": 0, "corpus_count": null, "seconds_total": 25.5, "stage": null, "detail": null}
{"gene": "Tmem200b", "status": "ok", "search_id": "s_5ed74d4f", "judge_id": "m_90b1bfdc", "parent_n": 25, "yes": 0, "no": 25, "downgraded": 0, "paper_errors": 0, "corpus_count": null, "seconds_total": 27.5, "stage": null, "detail": null}
{"gene": "Cxcl2", "status": "ok", "search_id": "s_3a9d9933", "judge_id": "m_7a1b8361", "parent_n": 25, "yes": 8, "no": 17, "downgraded": 4, "paper_errors": 0, "corpus_count": null, "seconds_total": 27.9, "stage": null, "detail": null}
{"gene": "Rnd1", "status": "ok", "search_id": "s_cc62c04f", "judge_id": "m_c75a6ad7", "parent_n": 25, "yes": 1, "no": 24, "downgraded": 0, "paper_errors": 0, "corpus_count": null, "seconds_total": 30.9, "stage": null, "detail": null}
{"gene": "Cxcl1", "status": "ok", "search_id": "s_b4d5b980", "judge_id": "m_44e4a0fd", "parent_n": 25, "yes": 5, "no": 19, "downgraded": 5, "paper_errors": 1, "corpus_count": null, "seconds_total": 190.3, "stage": null, "detail": null}
{"gene": "Tarm1", "status": "ok", "search_id": "s_bebc3c87", "judge_id": "m_4a6e2291", "parent_n": 25, "yes": 1, "no": 24, "downgraded": 1, "paper_errors": 0, "corpus_count": null, "seconds_total": 23.6, "stage": null, "detail": null}
{"gene": "Cxcl3", "status": "ok", "search_id": "s_037a1293", "judge_id": "m_c5ee5294", "parent_n": 25, "yes": 3, "no": 22, "downgraded": 5, "paper_errors": 0, "corpus_count": null, "seconds_total": 28.2, "stage": null, "detail": null}
{"gene": "Ccl17", "status": "ok", "search_id": "s_5e3022fd", "judge_id": "m_1d2fc273", "parent_n": 25, "yes": 5, "no": 20, "downgraded": 0, "paper_errors": 0, "corpus_count": null, "seconds_total": 27.5, "stage": null, "detail": null}
{"gene": "Rasgrp1", "status": "ok", "search_id": "s_34da7383", "judge_id": "m_4a0e6f45", "parent_n": 25, "yes": 5, "no": 20, "downgraded": 0, "paper_errors": 0, "corpus_count": null, "seconds_total": 29.6, "stage": null, "detail": null}
{"gene": "Iigp1", "status": "ok", "search_id": "s_375456bc", "judge_id": "m_6bca5aa1", "parent_n": 25, "yes": 0, "no": 25, "downgraded": 2, "paper_errors": 0, "corpus_count": null, "seconds_total": 27.3, "stage": null, "detail": null}
{"gene": "Gbp6", "status": "ok", "search_id": "s_b19e385d", "judge_id": "m_648273cf", "parent_n": 25, "yes": 0, "no": 25, "downgraded": 0, "paper_errors": 0, "corpus_count": null, "seconds_total": 23.5, "stage": null, "detail": null}
{"gene": "Inhba", "status": "ok", "search_id": "s_b8de6693", "judge_id": "m_921b6b63", "parent_n": 25, "yes": 1, "no": 24, "downgraded": 1, "paper_errors": 0, "corpus_count": null, "seconds_total": 27.7, "stage": null, "detail": null}
{"gene": "Gbp2", "status": "ok", "search_id": "s_26a16ee8", "judge_id": "m_04755b37", "parent_n": 25, "yes": 9, "no": 16, "downgraded": 2, "paper_errors": 0, "corpus_count": null, "seconds_total": 28.0, "stage": null, "detail": null}
{"gene": "Tnfsf4", "status": "ok", "search_id": "s_179a646d", "judge_id": "m_13ad0127", "parent_n": 25, "yes": 0, "no": 25, "downgraded": 0, "paper_errors": 0, "corpus_count": null, "seconds_total": 26.8, "stage": null, "detail": null}
{"gene": "Mmp13", "status": "ok", "search_id": "s_bd782759", "judge_id": "m_97d9c922", "parent_n": 25, "yes": 6, "no": 19, "downgraded": 1, "paper_errors": 0, "corpus_count": null, "seconds_total": 33.9, "stage": null, "detail": null}
{"gene": "Bcl2a1a", "status": "ok", "search_id": "s_ba67ad68", "judge_id": "m_973fa784", "parent_n": 25, "yes": 2, "no": 23, "downgraded": 2, "paper_errors": 0, "corpus_count": null, "seconds_total": 36.2, "stage": null, "detail": null}
{"gene": "Ccl4", "status": "ok", "search_id": "s_81b7b88e", "judge_id": "m_a3b1ab46", "parent_n": 25, "yes": 5, "no": 20, "downgraded": 3, "paper_errors": 0, "corpus_count": null, "seconds_total": 28.0, "stage": null, "detail": null}
{"wall_seconds": 587.6, "genes": 50, "workers": 4}
