{"gene": "Edn1", "yes_before": 4, "yes_after": 4, "model_yes": 4, "paper_errors": 0}
{"gene": "Nos2", "yes_before": 20, "yes_after": 20, "model_yes": 22, "paper_errors": 1}
{"gene": "Shisa3", "yes_before": 2, "yes_after": 2, "model_yes": 2, "paper_errors": 0}
{"gene": "Il6", "yes_before": 19, "yes_after": 19, "model_yes": 20, "paper_errors": 1}
{"gene": "Tnfsf15", "yes_before": 1, "yes_after": 1, "model_yes": 1, "paper_errors": 1}
{"gene": "Il1b", "yes_before": 3, "yes_after": 22, "model_yes": 24, "paper_errors": 0}
{"gene": "Il1a", "yes_before": 6, "yes_after": 13, "model_yes": 14, "paper_errors": 0}
{"gene": "Lipg", "yes_before": 0, "yes_after": 0, "model_yes": 0, "paper_errors": 0}
{"gene": "Saa3", "yes_before": 11, "yes_after": 11, "model_yes": 17, "paper_errors": 0}
{"gene": "Cxcl10", "yes_before": 10, "yes_after": 10, "model_yes": 13, "paper_errors": 0}
{"gene": "Acod1", "yes_before": 19, "yes_after": 19, "model_yes": 19, "paper_errors": 0}
{"gene": "Gbp5", "yes_before": 9, "yes_after": 9, "model_yes": 9, "paper_errors": 0}
{"gene": "Il12b", "yes_before": 12, "yes_after": 12, "model_yes": 18, "paper_errors": 0}
{"gene": "Serpinb2", "yes_before": 4, "yes_after": 4, "model_yes": 4, "paper_errors": 0}
{"gene": "Itgb8", "yes_before": 0, "yes_after": 0, "model_yes": 1, "paper_errors": 0}
{"gene": "Cd69", "yes_before": 4, "yes_after": 4, "model_yes": 5, "paper_errors": 0}
{"gene": "Ptgs2", "yes_before": 18, "yes_after": 18, "model_yes": 20, "paper_errors": 0}
{"gene": "Steap4", "yes_before": 1, "yes_after": 1, "model_yes": 1, "paper_errors": 0}
{"gene": "Serpina3g", "yes_before": 3, "yes_after": 3, "model_yes": 4, "paper_errors": 0}
{"gene": "Socs3", "yes_before": 13, "yes_after": 13, "model_yes": 15, "paper_errors": 1}
{"gene": "Adamts4", "yes_before": 3, "yes_after": 3, "model_yes": 3, "paper_errors": 0}
{"gene": "Ifi205", "yes_before": 1, "yes_after": 1, "model_yes": 1, "paper_errors": 0}
{"gene": "Ccl12", "yes_before": 1, "yes_after": 1, "model_yes": 5, "paper_errors": 0}
{"gene": "Ptx3", "yes_before": 9, "yes_after": 9, "model_yes": 11, "paper_errors": 1}
{"gene": "Ccl5", "yes_before": 6, "yes_after": 6, "model_yes": 8, "paper_errors": 0}
{"gene": "Col27a1", "yes_before": 0, "yes_after": 0, "model_yes": 0, "paper_errors": 0}
{"gene": "Slamf1", "yes_before": 4, "yes_after": 4, "model_yes": 6, "paper_errors": 0}
{"gene": "Ptges", "yes_before": 6, "yes_after": 6, "model_yes": 7, "paper_errors": 1}
{"gene": "Il27", "yes_before": 15, "yes_after": 15, "model_yes": 16, "paper_errors": 0}
{"gene": "Rsad2", "yes_before": 2, "yes_after": 2, "model_yes": 2, "paper_errors": 0}
{"gene": "Serpina3f", "yes_before": 1, "yes_after": 1, "model_yes": 1, "paper_errors": 0}
{"gene": "Cxcl9", "yes_before": 10, "yes_after": 10, "model_yes": 12, "paper_errors": 0}
{"gene": "Hdc", "yes_before": 2, "yes_after": 2, "model_yes": 9, "paper_errors": 0}
{"gene": "Trim30c", "yes_before": 0, "yes_after": 0, "model_yes": 2, "paper_errors": 0}
{"gene": "Tmem200b", "yes_before": 0, "yes_after": 0, "model_yes": 0, "paper_errors": 0}
{"gene": "Cxcl2", "yes_before": 8, "yes_after": 8, "model_yes": 12, "paper_errors": 0}
{"gene": "Rnd1", "yes_before": 1, "yes_after": 1, "model_yes": 1, "paper_errors": 0}
{"gene": "Cxcl1", "yes_before": 5, "yes_after": 5, "model_yes": 10, "paper_errors": 1}
{"gene": "Tarm1", "yes_before": 1, "yes_after": 1, "model_yes": 2, "paper_errors": 0}
{"gene": "Cxcl3", "yes_before": 3, "yes_after": 3, "model_yes": 8, "paper_errors": 0}
{"gene": "Ccl17", "yes_before": 5, "yes_after": 5, "model_yes": 5, "paper_errors": 0}
{"gene": "Rasgrp1", "yes_before": 5, "yes_after": 5, "model_yes": 5, "paper_errors": 0}
{"gene": "Iigp1", "yes_before": 0, "yes_after": 0, "model_yes": 2, "paper_errors": 0}
{"gene": "Gbp6", "yes_before": 0, "yes_after": 0, "model_yes": 0, "paper_errors": 0}
{"gene": "Inhba", "yes_before": 1, "yes_after": 1, "model_yes": 2, "paper_errors": 0}
{"gene": "Gbp2", "yes_before": 9, "yes_after": 9, "model_yes": 11, "paper_errors": 0}
{"gene": "Tnfsf4", "yes_before": 0, "yes_after": 0, "model_yes": 0, "paper_errors": 0}
{"gene": "Mmp13", "yes_before": 6, "yes_after": 6, "model_yes": 7, "paper_errors": 0}
{"gene": "Bcl2a1a", "yes_before": 2, "yes_after": 2, "model_yes": 4, "paper_errors": 0}
{"gene": "Ccl4", "yes_before": 5, "yes_after": 5, "model_yes": 8, "paper_errors": 0}
