paperclip, version 0.7.91
{"gene": "Tnf", "status": "ok", "search_id": "s_86615bf6", "judge_id": "m_7446be73", "parent_n": 25, "yes": 21, "no": 1, "downgraded": 0, "paper_errors": 3, "corpus_count": null, "seconds_total": 197.4, "stage": null, "detail": null}
{"gene": "Nos2", "status": "ok", "search_id": "s_e7c20448", "judge_id": "m_dbb4045f", "parent_n": 25, "yes": 19, "no": 5, "downgraded": 2, "paper_errors": 1, "corpus_count": null, "seconds_total": 194.8, "stage": null, "detail": null}
{"gene": "Edn1", "status": "ok", "search_id": "s_f5e87bcb", "judge_id": "m_37908ffa", "parent_n": 25, "yes": 5, "no": 20, "downgraded": 1, "paper_errors": 0, "corpus_count": null, "seconds_total": 30.0, "stage": null, "detail": null}
{"gene": "Slc7a2", "status": "ok", "search_id": "s_40c3813a", "judge_id": "m_425b8d86", "parent_n": 25, "yes": 6, "no": 19, "downgraded": 2, "paper_errors": 0, "corpus_count": null, "seconds_total": 30.4, "stage": null, "detail": null}
{"gene": "Tnfsf15", "status": "ok", "search_id": "s_1b41652b", "judge_id": "m_5d2ff915", "parent_n": 25, "yes": 2, "no": 23, "downgraded": 0, "paper_errors": 0, "corpus_count": null, "seconds_total": 30.6, "stage": null, "detail": null}
{"gene": "Hdc", "status": "ok", "search_id": "s_3a6edb3a", "judge_id": "m_5c41b198", "parent_n": 25, "yes": 2, "no": 23, "downgraded": 9, "paper_errors": 0, "corpus_count": null, "seconds_total": 36.6, "stage": null, "detail": null}
{"gene": "Tarm1", "status": "ok", "search_id": "s_929675ec", "judge_id": "m_ee24f8cf", "parent_n": 25, "yes": 1, "no": 24, "downgraded": 1, "paper_errors": 0, "corpus_count": null, "seconds_total": 25.9, "stage": null, "detail": null}
{"gene": "Calhm6", "status": "ok", "search_id": "s_075a2b60", "judge_id": "m_92052064", "parent_n": 25, "yes": 2, "no": 23, "downgraded": 0, "paper_errors": 0, "corpus_count": null, "seconds_total": 37.9, "stage": null, "detail": null}
{"gene": "Rnd1", "status": "ok", "search_id": "s_c9063dbe", "judge_id": "m_47702de3", "parent_n": 25, "yes": 1, "no": 24, "downgraded": 0, "paper_errors": 0, "corpus_count": null, "seconds_total": 25.7, "stage": null, "detail": null}
{"gene": "Lipg", "status": "ok", "search_id": "s_a52a3bd7", "judge_id": "m_744706aa", "parent_n": 25, "yes": 0, "no": 25, "downgraded": 0, "paper_errors": 0, "corpus_count": null, "seconds_total": 36.1, "stage": null, "detail": null}
{"gene": "Col27a1", "status": "ok", "search_id": "s_efb54849", "judge_id": "m_f8ebd7a5", "parent_n": 25, "yes": 0, "no": 25, "downgraded": 0, "paper_errors": 0, "corpus_count": null, "seconds_total": 35.3, "stage": null, "detail": null}
{"gene": "Hcar2", "status": "ok", "search_id": "s_ef57447d", "judge_id": "m_bd11743a", "parent_n": 25, "yes": 0, "no": 25, "downgraded": 3, "paper_errors": 0, "corpus_count": null, "seconds_total": 28.0, "stage": null, "detail": null}
{"wall_seconds": 200.3, "genes": 12, "workers": 4}
{"gene": "Tnf", "status": "ok", "search_id": "s_49059bb1", "judge_id": "m_e57c6c49", "parent_n": 50, "yes": 44, "no": 6, "downgraded": 2, "paper_errors": 0, "corpus_count": null, "seconds_total": 54.2, "stage": null, "detail": null}
{"gene": "Nos2", "status": "ok", "search_id": "s_3a2e13bc", "judge_id": "m_938c0e36", "parent_n": 50, "yes": 38, "no": 12, "downgraded": 5, "paper_errors": 0, "corpus_count": null, "seconds_total": 57.1, "stage": null, "detail": null}
{"gene": "Edn1", "status": "ok", "search_id": "s_154c5889", "judge_id": "m_4953015c", "parent_n": 50, "yes": 4, "no": 46, "downgraded": 1, "paper_errors": 0, "corpus_count": null, "seconds_total": 57.4, "stage": null, "detail": null}
{"gene": "Slc7a2", "status": "ok", "search_id": "s_8540c21c", "judge_id": "m_83d2d4a4", "parent_n": 50, "yes": 9, "no": 41, "downgraded": 1, "paper_errors": 0, "corpus_count": null, "seconds_total": 58.8, "stage": null, "detail": null}
{"gene": "Tnfsf15", "status": "ok", "search_id": "s_ab812b0b", "judge_id": "m_720f369f", "parent_n": 50, "yes": 2, "no": 48, "downgraded": 0, "paper_errors": 0, "corpus_count": null, "seconds_total": 44.4, "stage": null, "detail": null}
{"gene": "Hdc", "status": "ok", "search_id": "s_a8aaa684", "judge_id": "m_9c310053", "parent_n": 50, "yes": 3, "no": 47, "downgraded": 10, "paper_errors": 0, "corpus_count": null, "seconds_total": 69.0, "stage": null, "detail": null}
{"gene": "Tarm1", "status": "ok", "search_id": "s_6208592b", "judge_id": "m_b973c995", "parent_n": 50, "yes": 1, "no": 49, "downgraded": 1, "paper_errors": 0, "corpus_count": null, "seconds_total": 73.0, "stage": null, "detail": null}
{"gene": "Calhm6", "status": "ok", "search_id": "s_c2fc0cdd", "judge_id": "m_2098eb53", "parent_n": 50, "yes": 2, "no": 48, "downgraded": 0, "paper_errors": 0, "corpus_count": null, "seconds_total": 55.9, "stage": null, "detail": null}
{"gene": "Rnd1", "status": "ok", "search_id": "s_e616b180", "judge_id": "m_d50949f2", "parent_n": 50, "yes": 1, "no": 49, "downgraded": 0, "paper_errors": 0, "corpus_count": null, "seconds_total": 48.4, "stage": null, "detail": null}
{"gene": "Lipg", "status": "ok", "search_id": "s_e75092b6", "judge_id": "m_d6ed8a34", "parent_n": 50, "yes": 0, "no": 50, "downgraded": 0, "paper_errors": 0, "corpus_count": null, "seconds_total": 62.5, "stage": null, "detail": null}
{"gene": "Col27a1", "status": "ok", "search_id": "s_84ecc1e3", "judge_id": "m_96582ffc", "parent_n": 50, "yes": 0, "no": 50, "downgraded": 0, "paper_errors": 0, "corpus_count": null, "seconds_total": 56.7, "stage": null, "detail": null}
{"gene": "Hcar2", "status": "ok", "search_id": "s_e103bd74", "judge_id": "m_4614e7b4", "parent_n": 50, "yes": 0, "no": 50, "downgraded": 4, "paper_errors": 0, "corpus_count": null, "seconds_total": 59.0, "stage": null, "detail": null}
{"wall_seconds": 192.4, "genes": 12, "workers": 4}
